// Vitest Snapshot v1, https://vitest.dev/guide/snapshot.html

exports[`Appearance > Component render matches snapshot 1`] = `
<DocumentFragment>
  <div
    class="_button_497d8e additionalStyles"
    data-testid="quality_toggle_button"
  >
    <button
      type="button"
    >
      -
    </button>
    <p
      class="_button__quantity_497d8e"
    >
      123
    </p>
    <button
      type="button"
    >
      +
    </button>
  </div>
</DocumentFragment>
`;
