// Vitest Snapshot v1, https://vitest.dev/guide/snapshot.html

exports[`Appearance > Component render matches snapshot 1`] = `
<DocumentFragment>
  <main
    class="_main_2aacc9 _mainTag_42fbbc"
    data-testid="skipto-main"
    id="skipto-main"
  >
    <div
      class="_main__container_2aacc9"
    >
      <button
        class="_btnBack_42fbbc"
        type="button"
      >
        go back
      </button>
      <div
        class="_container_f148f3 _productDetailCard_42fbbc"
        data-testid="container"
      >
        <div
          class="_cardPrimary_f148f3"
        >
          <picture
            class="_cardPrimary__picture_f148f3"
          >
            <source
              height="1120px"
              media="(min-width: 992px)"
              srcset="/img/product-zx7-speaker/desktop/image-product.jpg"
              width="1080px"
            />
            <source
              height="960px"
              media="(min-width: 667px)"
              srcset="/img/product-zx7-speaker/tablet/image-product.jpg"
              width="562px"
            />
            <source
              height="654px"
              media="(max-width: 666px)"
              srcset="/img/product-zx7-speaker/mobile/image-product.jpg"
              width="654px"
            />
            <img
              alt="ZX7 Speaker"
              class="_cardPrimary__img_f148f3"
              src="/img/product-zx7-speaker/desktop/image-product.jpg"
            />
          </picture>
          <div
            class="_cardPrimary__info_f148f3"
          >
            <h2
              class="_cardPrimary__title_f148f3"
            >
              ZX7 Speaker
            </h2>
            <p
              class="_cardPrimary__details_f148f3"
            >
              Stream high quality sound wirelessly with minimal to no loss. The ZX7 speaker uses high-end audiophile components that represents the top of the line powered speakers for home or studio use.
            </p>
            <p
              class="_cardPrimary__price_f148f3"
            >
              $ 3,500.00
            </p>
            <div
              class="_cardPrimary__purchase_f148f3"
            >
              <div
                class="_container_04c138"
              >
                <div
                  class="_button_497d8e undefined"
                  data-testid="quality_toggle_button"
                >
                  <button
                    type="button"
                  >
                    -
                  </button>
                  <p
                    class="_button__quantity_497d8e"
                  >
                    1
                  </p>
                  <button
                    type="button"
                  >
                    +
                  </button>
                </div>
                <button
                  class="_container__btn_04c138"
                  type="button"
                >
                  add to cart
                </button>
              </div>
            </div>
          </div>
        </div>
        <div
          class="_cardSecondary_f148f3"
        >
          <div
            class="_cardSecondary__features_f148f3"
          >
            <h3
              class="_cardSecondary__header_f148f3"
            >
              features
            </h3>
            <p
              class="_cardSecondary__featuresInfo_f148f3"
            >
              Reap the advantages of a flat diaphragm tweeter cone. This provides a fast response rate and excellent high frequencies that lower tiered bookshelf speakers cannot provide. The woofers are made from aluminum that produces a unique and clear sound. XLR inputs allow you to connect to a mixer for more advanced usage.

The ZX7 speaker is the perfect blend of stylish design and high performance. It houses an encased MDF wooden enclosure which minimises acoustic resonance. Dual connectivity allows pairing through bluetooth or traditional optical and RCA input. Switch input sources and control volume at your finger tips with the included wireless remote. This versatile speaker is equipped to deliver an authentic listening experience.
            </p>
          </div>
          <div
            class="_cardSecondary__inBox_f148f3"
          >
            <h3
              class="_cardSecondary__header_f148f3"
            >
              in the box
            </h3>
            <ul
              class="_cardSecondary__list_f148f3"
            >
              <li>
                <p
                  class="_cardSecondary__list__quantity_f148f3"
                >
                  2x
                </p>
                <p
                  class="_cardSecondary__list__item_f148f3"
                >
                   Speaker unit
                </p>
              </li>
              <li>
                <p
                  class="_cardSecondary__list__quantity_f148f3"
                >
                  2x
                </p>
                <p
                  class="_cardSecondary__list__item_f148f3"
                >
                   Speaker cloth panel
                </p>
              </li>
              <li>
                <p
                  class="_cardSecondary__list__quantity_f148f3"
                >
                  1x
                </p>
                <p
                  class="_cardSecondary__list__item_f148f3"
                >
                   User manual
                </p>
              </li>
              <li>
                <p
                  class="_cardSecondary__list__quantity_f148f3"
                >
                  1x
                </p>
                <p
                  class="_cardSecondary__list__item_f148f3"
                >
                   3.5mm 7.5m audio cable
                </p>
              </li>
              <li>
                <p
                  class="_cardSecondary__list__quantity_f148f3"
                >
                  1x
                </p>
                <p
                  class="_cardSecondary__list__item_f148f3"
                >
                   7.5m optical cable
                </p>
              </li>
            </ul>
          </div>
        </div>
      </div>
      <div
        class="_grid_90dc10 _productImageGrid_42fbbc"
        data-testid="product_image_grid"
      >
        <picture
          class="_gridArea1_90dc10"
        >
          <source
            media="(min-width: 1024px)"
            srcset="/img/product-zx7-speaker/desktop/image-gallery-1.jpg"
          />
          <source
            media="(min-width: 481px)"
            srcset="/img/product-zx7-speaker/tablet/image-gallery-1.jpg"
          />
          <source
            media="(max-width: 480px)"
            srcset="/img/product-zx7-speaker/mobile/image-gallery-1.jpg"
          />
          <img
            alt="ZX7 Speaker being used"
            class="_grid__img_90dc10"
            src="/img/product-zx7-speaker/desktop/image-gallery-1.jpg"
          />
        </picture>
        <picture
          class="_gridArea2_90dc10"
        >
          <source
            media="(min-width: 1024px)"
            srcset="/img/product-zx7-speaker/desktop/image-gallery-2.jpg"
          />
          <source
            media="(min-width: 481px)"
            srcset="/img/product-zx7-speaker/tablet/image-gallery-2.jpg"
          />
          <source
            media="(max-width: 480px)"
            srcset="/img/product-zx7-speaker/mobile/image-gallery-2.jpg"
          />
          <img
            alt="ZX7 Speaker being used"
            class="_grid__img_90dc10"
            src="/img/product-zx7-speaker/desktop/image-gallery-2.jpg"
          />
        </picture>
        <picture
          class="_gridArea3_90dc10"
        >
          <source
            media="(min-width: 1024px)"
            srcset="/img/product-zx7-speaker/desktop/image-gallery-3.jpg"
          />
          <source
            media="(min-width: 481px)"
            srcset="/img/product-zx7-speaker/tablet/image-gallery-3.jpg"
          />
          <source
            media="(max-width: 480px)"
            srcset="/img/product-zx7-speaker/mobile/image-gallery-3.jpg"
          />
          <img
            alt="ZX7 Speaker being used"
            class="_grid__img_90dc10"
            src="/img/product-zx7-speaker/desktop/image-gallery-3.jpg"
          />
        </picture>
      </div>
      <p
        class="_alternatives_42fbbc"
      >
        you may also like
      </p>
      <div
        class="_list_772e25 _productExampleSeeList_42fbbc"
        data-testid="product_example_see_card_list"
      >
        <div
          aria-label="see product ZX9 Speaker"
          class="_card_2c469d"
        >
          <picture>
            <source
              height="636px"
              media="(min-width: 1200px)"
              srcset="/img/shared/desktop/image-zx9-speaker.jpg"
              width="700px"
            />
            <source
              height="636px"
              media="(min-width: 768px)"
              srcset="/img/shared/tablet/image-zx9-speaker.jpg"
              width="446px"
            />
            <source
              height="240px"
              media="(max-width: 576px)"
              srcset="/img/shared/mobile/image-zx9-speaker.jpg"
              width="654px"
            />
            <img
              alt="ZX9 Speaker"
              class="_card__img_2c469d"
              src="/img/shared/desktop/image-zx9-speaker.jpg"
            />
          </picture>
          <h5
            class="_card__title_2c469d"
          >
            ZX9 Speaker
          </h5>
          <a
            class="_card__btn_2c469d"
            href="/speakers/6"
          >
            see product
          </a>
        </div>
        <div
          aria-label="see product XX99 Mark I"
          class="_card_2c469d"
        >
          <picture>
            <source
              height="636px"
              media="(min-width: 1200px)"
              srcset="/img/shared/desktop/image-xx99-mark-one-headphones.jpg"
              width="700px"
            />
            <source
              height="636px"
              media="(min-width: 768px)"
              srcset="/img/shared/tablet/image-xx99-mark-one-headphones.jpg"
              width="446px"
            />
            <source
              height="240px"
              media="(max-width: 576px)"
              srcset="/img/shared/mobile/image-xx99-mark-one-headphones.jpg"
              width="654px"
            />
            <img
              alt="XX99 Mark I"
              class="_card__img_2c469d"
              src="/img/shared/desktop/image-xx99-mark-one-headphones.jpg"
            />
          </picture>
          <h5
            class="_card__title_2c469d"
          >
            XX99 Mark I
          </h5>
          <a
            class="_card__btn_2c469d"
            href="/headphones/3"
          >
            see product
          </a>
        </div>
        <div
          aria-label="see product XX59"
          class="_card_2c469d"
        >
          <picture>
            <source
              height="636px"
              media="(min-width: 1200px)"
              srcset="/img/shared/desktop/image-xx59-headphones.jpg"
              width="700px"
            />
            <source
              height="636px"
              media="(min-width: 768px)"
              srcset="/img/shared/tablet/image-xx59-headphones.jpg"
              width="446px"
            />
            <source
              height="240px"
              media="(max-width: 576px)"
              srcset="/img/shared/mobile/image-xx59-headphones.jpg"
              width="654px"
            />
            <img
              alt="XX59"
              class="_card__img_2c469d"
              src="/img/shared/desktop/image-xx59-headphones.jpg"
            />
          </picture>
          <h5
            class="_card__title_2c469d"
          >
            XX59
          </h5>
          <a
            class="_card__btn_2c469d"
            href="/headphones/2"
          >
            see product
          </a>
        </div>
      </div>
      <div
        class="_list_f03033 _productExampleShopList_42fbbc"
        data-testid="product_example_shop_list"
      >
        <a
          class="_card__shop__text_354178"
          href="/headphones"
        >
          <div
            aria-label="see all headphones shop"
            class="_card_354178"
          >
            <div
              class="_card__bg_354178"
            />
            <img
              alt=""
              class="_card__img_354178"
              height="380px"
              src="/img/shared/desktop/image-category-thumbnail-headphones.png"
              width="438px"
            />
            <p
              class="_card__name_354178"
            >
              headphones
            </p>
            <div
              class="_card__shop_354178"
            >
              <p
                class="_card__shop__text_354178"
              >
                shop
              </p>
              <img
                alt=""
                class="_card__shop__img_354178"
                height="12px"
                src="data:image/svg+xml,%3csvg%20width='8'%20height='12'%20xmlns='http://www.w3.org/2000/svg'%3e%3cpath%20d='M1.322%201l5%205-5%205'%20stroke='%23D87D4A'%20stroke-width='2'%20fill='none'%20fill-rule='evenodd'/%3e%3c/svg%3e"
                width="8px"
              />
            </div>
          </div>
        </a>
        <a
          class="_card__shop__text_354178"
          href="/speakers"
        >
          <div
            aria-label="see all speakers shop"
            class="_card_354178"
          >
            <div
              class="_card__bg_354178"
            />
            <img
              alt=""
              class="_card__img_354178"
              height="380px"
              src="/img/shared/desktop/image-category-thumbnail-speakers.png"
              width="438px"
            />
            <p
              class="_card__name_354178"
            >
              speakers
            </p>
            <div
              class="_card__shop_354178"
            >
              <p
                class="_card__shop__text_354178"
              >
                shop
              </p>
              <img
                alt=""
                class="_card__shop__img_354178"
                height="12px"
                src="data:image/svg+xml,%3csvg%20width='8'%20height='12'%20xmlns='http://www.w3.org/2000/svg'%3e%3cpath%20d='M1.322%201l5%205-5%205'%20stroke='%23D87D4A'%20stroke-width='2'%20fill='none'%20fill-rule='evenodd'/%3e%3c/svg%3e"
                width="8px"
              />
            </div>
          </div>
        </a>
        <a
          class="_card__shop__text_354178"
          href="/earphones"
        >
          <div
            aria-label="see all earphones shop"
            class="_card_354178"
          >
            <div
              class="_card__bg_354178"
            />
            <img
              alt=""
              class="_card__img_354178"
              height="380px"
              src="/img/shared/desktop/image-category-thumbnail-earphones.png"
              width="438px"
            />
            <p
              class="_card__name_354178"
            >
              earphones
            </p>
            <div
              class="_card__shop_354178"
            >
              <p
                class="_card__shop__text_354178"
              >
                shop
              </p>
              <img
                alt=""
                class="_card__shop__img_354178"
                height="12px"
                src="data:image/svg+xml,%3csvg%20width='8'%20height='12'%20xmlns='http://www.w3.org/2000/svg'%3e%3cpath%20d='M1.322%201l5%205-5%205'%20stroke='%23D87D4A'%20stroke-width='2'%20fill='none'%20fill-rule='evenodd'/%3e%3c/svg%3e"
                width="8px"
              />
            </div>
          </div>
        </a>
      </div>
      <article
        aria-labelledby="company statement"
        class="_card_fe70ec _companyStatement_42fbbc"
      >
        <div
          class="_card__info_fe70ec"
        >
          <h2
            class="_card__title_fe70ec"
            id="company statement"
          >
            Bringing you the 
            <span>
              best
            </span>
             audio gear
          </h2>
          <p
            class="_card__statement_fe70ec"
          >
            Located at the heart of New York City, Audiophile is the premier store for high end headphones, earphones, speakers, and audio accessories. We have a large showroom and luxury demonstration rooms available for you to browse and experience a wide range of our products. Stop by our store to meet some of the fantastic people who make Audiophile the best place to buy your portable audio equipment.
          </p>
        </div>
        <picture
          class="_card__picture_fe70ec"
        >
          <source
            height="588"
            media="(min-width: 1024px)"
            srcset="/img/shared/desktop/image-best-gear.jpg"
            width="540"
          />
          <source
            height="600"
            media="(min-width: 576px)"
            srcset="/img/shared/tablet/image-best-gear.jpg"
            width="1378"
          />
          <source
            height="600"
            media="(max-width: 575px)"
            srcset="/img/shared/mobile/image-best-gear.jpg"
            width="654"
          />
          <img
            alt="Furnishing our customers with the best gear"
            class="_card__img_fe70ec"
            src="/img/shared/desktop/image-best-gear.jpg"
          />
        </picture>
      </article>
    </div>
  </main>
</DocumentFragment>
`;
