// Vitest Snapshot v1, https://vitest.dev/guide/snapshot.html

exports[`Appearance > Component render matches snapshot 1`] = `
<label
  className="_container_429fb6 undefined"
  htmlFor="label text"
>
  <p
    className="_container__title_429fb6"
  >
    label text
  </p>
  <input
    className="_container__input_429fb6"
    id="label text"
    type="tel"
  />
</label>
`;
