// Vitest Snapshot v1, https://vitest.dev/guide/snapshot.html

exports[`Appearance > Component render matches snapshot 1`] = `
<DocumentFragment>
  <label
    class="_container_429fb6 undefined"
    data-testid="input_tel"
    for="label text"
  >
    <p
      class="_container__title_429fb6"
    >
      label text
    </p>
    <input
      class="_container__input_429fb6"
      id="label text"
      type="tel"
    />
  </label>
</DocumentFragment>
`;
