// Vitest Snapshot v1, https://vitest.dev/guide/snapshot.html

exports[`Appearance > Component render matches snapshot 1`] = `
<DocumentFragment>
  <div
    class="_quality_bc3328"
    data-testid="location"
  >
    <div
      class="_image_bc3328"
    >
      <img
        alt=""
        src="imgURL"
      />
      <div
        class="_bgCircle_bc3328"
        data-testid="background circle"
        style="transform: rotate(0deg);"
      />
    </div>
    <p
      class="_quality__title_bc3328"
    >
      dummyTitle
    </p>
    <button
      type="button"
    >
      see location
    </button>
  </div>
</DocumentFragment>
`;
