// Vitest Snapshot v1, https://vitest.dev/guide/snapshot.html

exports[`Appearance > Component render matches snapshot 1`] = `
<div
  className="_container_04c138"
>
  <div
    data-testid="quantity-toggle-button"
  />
  <button
    className="_container__btn_04c138"
    onClick={[Function]}
    type="button"
  >
    add to cart
  </button>
</div>
`;
