// Vitest Snapshot v1, https://vitest.dev/guide/snapshot.html

exports[`Appearance > Component render matches snapshot 1`] = `
<DocumentFragment>
  <label
    class="_label_a98f32 undefined"
    data-testid="input_radio"
    for="label text"
  >
    <input
      class="_label__radioBtn_a98f32"
      id="label text"
      type="radio"
    />
    <p
      class="_label__title_a98f32"
    >
      label text
    </p>
  </label>
</DocumentFragment>
`;
