// Vitest Snapshot v1, https://vitest.dev/guide/snapshot.html

exports[`Appearance > Component render matches snapshot 1`] = `
<DocumentFragment>
  <div
    class="_fallback_1b9ce4 fallback-fade-in"
    data-testid="fallback"
  >
    <div
      class="_fallback__bars_1b9ce4"
    >
      <div
        class="_fallback__bars__bar_1b9ce4"
      />
      <div
        class="_fallback__bars__bar_1b9ce4"
      />
      <div
        class="_fallback__bars__bar_1b9ce4"
      />
      <div
        class="_fallback__bars__bar_1b9ce4"
      />
      <div
        class="_fallback__bars__bar_1b9ce4"
      />
    </div>
    <p
      class="_fallback__loading_1b9ce4"
    >
      Loading
    </p>
  </div>
</DocumentFragment>
`;
