// Vitest Snapshot v1, https://vitest.dev/guide/snapshot.html

exports[`Appearance > Component render matches snapshot 1`] = `
<DocumentFragment>
  <div
    class="_container_f148f3 additionalStyles"
    data-testid="container"
  >
    <div
      class="_cardPrimary_f148f3"
    >
      <picture
        class="_cardPrimary__picture_f148f3"
      >
        <source
          height="1120px"
          media="(min-width: 992px)"
          srcset=""
          width="1080px"
        />
        <source
          height="960px"
          media="(min-width: 667px)"
          srcset=""
          width="562px"
        />
        <source
          height="654px"
          media="(max-width: 666px)"
          srcset=""
          width="654px"
        />
        <img
          alt="dummyProductTitle"
          class="_cardPrimary__img_f148f3"
          src=""
        />
      </picture>
      <div
        class="_cardPrimary__info_f148f3"
      >
        <p
          class="_cardPrimary__new_f148f3"
        >
          new product
        </p>
        <h2
          class="_cardPrimary__title_f148f3"
        >
          dummyProductTitle
        </h2>
        <p
          class="_cardPrimary__details_f148f3"
        >
          dummyProductDescription
        </p>
        <p
          class="_cardPrimary__price_f148f3"
        >
          $ 99.01
        </p>
        <div
          class="_cardPrimary__purchase_f148f3"
        >
          <div
            class="_container_04c138"
          >
            <div
              class="_button_497d8e undefined"
              data-testid="quality_toggle_button"
            >
              <button
                type="button"
              >
                -
              </button>
              <p
                class="_button__quantity_497d8e"
              >
                1
              </p>
              <button
                type="button"
              >
                +
              </button>
            </div>
            <button
              class="_container__btn_04c138"
              type="button"
            >
              add to cart
            </button>
          </div>
        </div>
      </div>
    </div>
    <div
      class="_cardSecondary_f148f3"
    >
      <div
        class="_cardSecondary__features_f148f3"
      >
        <h3
          class="_cardSecondary__header_f148f3"
        >
          features
        </h3>
        <p
          class="_cardSecondary__featuresInfo_f148f3"
        >
          dummyProductFeatures
        </p>
      </div>
      <div
        class="_cardSecondary__inBox_f148f3"
      >
        <h3
          class="_cardSecondary__header_f148f3"
        >
          in the box
        </h3>
        <ul
          class="_cardSecondary__list_f148f3"
        >
          <li>
            <p
              class="_cardSecondary__list__quantity_f148f3"
            >
              1x
            </p>
            <p
              class="_cardSecondary__list__item_f148f3"
            >
               dummyItem
            </p>
          </li>
        </ul>
      </div>
    </div>
  </div>
</DocumentFragment>
`;
