// Vitest Snapshot v1, https://vitest.dev/guide/snapshot.html

exports[`Appearance > Component render matches snapshot 1`] = `
<div
  aria-label="see product dummyProductTitle"
  className="_card_2c469d"
>
  <picture>
    <source
      height="636px"
      media="(min-width: 1200px)"
      srcSet=""
      width="700px"
    />
    <source
      height="636px"
      media="(min-width: 768px)"
      srcSet=""
      width="446px"
    />
    <source
      height="240px"
      media="(max-width: 576px)"
      srcSet=""
      width="654px"
    />
    <img
      alt="dummyProductTitle"
      className="_card__img_2c469d"
      src=""
    />
  </picture>
  <h5
    className="_card__title_2c469d"
  >
    dummyProductTitle
  </h5>
  <a
    className="_card__btn_2c469d"
    href="//0"
  >
    see product
  </a>
</div>
`;
