// Vitest Snapshot v1, https://vitest.dev/guide/snapshot.html

exports[`Appearance > Component render matches snapshot 1`] = `
<DocumentFragment>
  <div
    class="_card_a23384"
  >
    <p
      class="_card__header_a23384"
    >
      cart (0)
    </p>
    <button
      aria-label="remove all products from cart"
      class="_card__removeAllBtn_a23384"
      type="button"
    >
      remove all
    </button>
    <div
      class="_card__productList_a23384"
    />
    <p
      class="_card__total_a23384"
    >
      total
    </p>
    <p
      class="_card__amount_a23384"
    >
      $ 0.00
    </p>
    <button
      class="_card__checkoutBtn_a23384"
      disabled=""
      type="button"
    >
      checkout
    </button>
  </div>
</DocumentFragment>
`;
